// Jest Snapshot v1, https://goo.gl/fbAQLP

exports[`<App /> renders correctly 1`] = `
<View
  style={
    Object {
      "alignItems": "center",
      "backgroundColor": "#fff",
      "flex": 1,
      "justifyContent": "center",
    }
  }
>
  <div
    style={
      Object {
        "maxWidth": "400px",
        "width": "95%",
      }
    }
  >
    <img
      src={1}
      style={
        Object {
          "width": "150px",
        }
      }
    />
    <h2>
      New User? Sign up here
    </h2>
    <form
      onSubmit={[Function]}
    >
      <div
        className="sc-gKclnd ejFowS"
      >
        <label
          className="sc-eCImPb jcRukK"
          htmlFor="name"
        >
          Name: 
        </label>
        <div
          className="sc-jRQBWg gyalWg"
        >
          *Required
        </div>
      </div>
      <TextInput
        allowFontScaling={true}
        autoCorrect="false"
        id="name"
        onChange={[Function]}
        placeholder="Name"
        rejectResponderTermination={true}
        required={true}
        style={Object {}}
        type="text"
        underlineColorAndroid="transparent"
        value=""
      />
      <div>
        <br />
      </div>
      <div
        className="sc-gKclnd ejFowS"
      >
        <label
          className="sc-eCImPb jcRukK"
          htmlFor="email"
        >
          Email: 
        </label>
        <div
          className="sc-jRQBWg gyalWg"
        >
          *Required
        </div>
      </div>
      <TextInput
        allowFontScaling={true}
        id="email"
        onChange={[Function]}
        placeholder="Email"
        rejectResponderTermination={true}
        required={true}
        style={Object {}}
        type="text"
        underlineColorAndroid="transparent"
        value=""
      />
      <div>
        <br />
      </div>
      <div
        className="sc-gKclnd ejFowS"
      >
        <label
          className="sc-eCImPb jcRukK"
          htmlFor="address"
        >
          Address: 
        </label>
        <div
          className="sc-jRQBWg gyalWg"
        >
          *Required
        </div>
      </div>
      <TextInput
        allowFontScaling={true}
        id="address"
        onChange={[Function]}
        placeholder="Address"
        rejectResponderTermination={true}
        required={true}
        style={Object {}}
        type="text"
        underlineColorAndroid="transparent"
        value=""
      />
      <div>
        <br />
      </div>
      <div
        className="sc-gKclnd ejFowS"
      >
        <label
          className="sc-eCImPb jcRukK"
          htmlFor="city"
        >
          City: 
        </label>
        <div
          className="sc-jRQBWg gyalWg"
        >
          *Required
        </div>
      </div>
      <TextInput
        allowFontScaling={true}
        id="city"
        onChange={[Function]}
        placeholder="City"
        rejectResponderTermination={true}
        required={true}
        style={Object {}}
        type="text"
        underlineColorAndroid="transparent"
        value=""
      />
      <div>
        <br />
      </div>
      <div
        className="sc-gKclnd ejFowS"
      >
        <label
          className="sc-eCImPb jcRukK"
          htmlFor="state"
        >
          State: 
        </label>
        <div
          className="sc-jRQBWg gyalWg"
        >
          *Required
        </div>
      </div>
      <TextInput
        allowFontScaling={true}
        autoCapitalize="characters"
        id="state"
        maxLength="2"
        onChange={[Function]}
        placeholder="State"
        rejectResponderTermination={true}
        required={true}
        style={Object {}}
        type="text"
        underlineColorAndroid="transparent"
        value=""
      />
      <div>
        <br />
      </div>
      <div
        className="sc-gKclnd ejFowS"
      >
        <label
          className="sc-eCImPb jcRukK"
          htmlFor="zipCode"
        >
          Zip Code: 
        </label>
        <div
          className="sc-jRQBWg gyalWg"
        >
          *Required
        </div>
      </div>
      <TextInput
        allowFontScaling={true}
        id="zipCode"
        onChange={[Function]}
        placeholder="Zip Code"
        rejectResponderTermination={true}
        required={true}
        style={Object {}}
        type="text"
        underlineColorAndroid="transparent"
        value=""
      />
      <div>
        <br />
      </div>
      <div
        className="sc-gKclnd ejFowS"
      >
        <label
          className="sc-eCImPb jcRukK"
          htmlFor="password"
        >
          Password: 
        </label>
        <div
          className="sc-jRQBWg gyalWg"
        >
          *Required
        </div>
      </div>
      <TextInput
        allowFontScaling={true}
        autoComplete="new-password"
        id="password"
        onChange={[Function]}
        placeholder="Need a number, a letter and a special character"
        rejectResponderTermination={true}
        required={true}
        secureTextEntry="true"
        style={Object {}}
        type="password"
        underlineColorAndroid="transparent"
        value=""
      />
      <div>
        <br />
      </div>
      <div
        className="sc-gKclnd ejFowS"
      >
        <label
          className="sc-eCImPb jcRukK"
          htmlFor="confirmPassword"
        >
          Confirm Password: 
        </label>
        <div
          className="sc-jRQBWg gyalWg"
        >
          *Required
        </div>
      </div>
      <TextInput
        allowFontScaling={true}
        autoComplete="new-password"
        id="confirmPassword"
        onChange={[Function]}
        placeholder="Confirm Password"
        rejectResponderTermination={true}
        required={true}
        secureTextEntry="true"
        style={Object {}}
        type="password"
        underlineColorAndroid="transparent"
        value=""
      />
      <div>
        <br />
      </div>
      <button
        title="Submit"
        type="submit"
      >
        Submit
      </button>
      <View
        accessibilityRole="button"
        accessibilityState={Object {}}
        accessible={true}
        focusable={true}
        onClick={[Function]}
        onResponderGrant={[Function]}
        onResponderMove={[Function]}
        onResponderRelease={[Function]}
        onResponderTerminate={[Function]}
        onResponderTerminationRequest={[Function]}
        onStartShouldSetResponder={[Function]}
        style={
          Object {
            "opacity": 1,
          }
        }
      >
        <View
          style={
            Array [
              Object {},
            ]
          }
        >
          <Text
            style={
              Array [
                Object {
                  "color": "#007AFF",
                  "fontSize": 18,
                  "margin": 8,
                  "textAlign": "center",
                },
              ]
            }
          >
            Submit
          </Text>
        </View>
      </View>
    </form>
  </div>
</View>
`;
